// Jest Snapshot v1, https://goo.gl/fbAQLP

exports[`<Main /> should render the heading 1`] = `
<main
  class="styles__Wrapper-sc-10i6ae9-0 izVZHz"
>
  <img
    alt="imagem de um átomo e React Avançado escrito ao lado."
    class="styles__Logo-sc-10i6ae9-1 bYFyYg"
    src="/img/logo.svg"
  />
  <h1
    class="styles__Title-sc-10i6ae9-2 cFBCFu"
  >
    React Avançado
  </h1>
  <h2
    class="styles__Description-sc-10i6ae9-3 gVShvJ"
  >
    TypeScript, ReactJS, NextJS e Styled Components
  </h2>
  <img
    alt="ilustração de um programador sentado de frente para uma tela com códigos."
    class="styles__Illustration-sc-10i6ae9-4 braJsU"
    src="/img/hero-illustration.svg"
  />
</main>
`;
